[debug] [2025-02-08T10:21:19.207Z] ----------------------------------------------------------------------
[debug] [2025-02-08T10:21:19.210Z] Command:       /usr/bin/node /usr/local/bin/firebase serve
[debug] [2025-02-08T10:21:19.210Z] CLI Version:   13.30.0
[debug] [2025-02-08T10:21:19.211Z] Platform:      linux
[debug] [2025-02-08T10:21:19.211Z] Node Version:  v18.19.0
[debug] [2025-02-08T10:21:19.211Z] Time:          Sat Feb 08 2025 13:21:19 GMT+0300 (East Africa Time)
[debug] [2025-02-08T10:21:19.211Z] ----------------------------------------------------------------------
[debug] 
[debug] [2025-02-08T10:21:19.591Z] > command requires scopes: ["email","openid","https://www.googleapis.com/auth/cloudplatformprojects.readonly","https://www.googleapis.com/auth/firebase","https://www.googleapis.com/auth/cloud-platform"]
[debug] [2025-02-08T10:21:19.592Z] > authorizing via signed-in user (waweruedwin8@gmail.com)
[debug] [2025-02-08T10:21:19.592Z] [iam] checking project adfriend-46d46 for permissions ["firebase.projects.get"]
[debug] [2025-02-08T10:21:19.593Z] Checked if tokens are valid: true, expires at: 1739012544384
[debug] [2025-02-08T10:21:19.593Z] Checked if tokens are valid: true, expires at: 1739012544384
[debug] [2025-02-08T10:21:19.595Z] >>> [apiv2][query] POST https://cloudresourcemanager.googleapis.com/v1/projects/adfriend-46d46:testIamPermissions [none]
[debug] [2025-02-08T10:21:19.595Z] >>> [apiv2][(partial)header] POST https://cloudresourcemanager.googleapis.com/v1/projects/adfriend-46d46:testIamPermissions x-goog-quota-user=projects/adfriend-46d46
[debug] [2025-02-08T10:21:19.595Z] >>> [apiv2][body] POST https://cloudresourcemanager.googleapis.com/v1/projects/adfriend-46d46:testIamPermissions {"permissions":["firebase.projects.get"]}
[debug] [2025-02-08T10:21:21.404Z] <<< [apiv2][status] POST https://cloudresourcemanager.googleapis.com/v1/projects/adfriend-46d46:testIamPermissions 200
[debug] [2025-02-08T10:21:21.405Z] <<< [apiv2][body] POST https://cloudresourcemanager.googleapis.com/v1/projects/adfriend-46d46:testIamPermissions {"permissions":["firebase.projects.get"]}
[debug] [2025-02-08T10:21:21.406Z] Checked if tokens are valid: true, expires at: 1739012544384
[debug] [2025-02-08T10:21:21.406Z] Checked if tokens are valid: true, expires at: 1739012544384
[debug] [2025-02-08T10:21:21.406Z] >>> [apiv2][query] GET https://cloudresourcemanager.googleapis.com/v1/projects/adfriend-46d46 [none]
[debug] [2025-02-08T10:21:23.449Z] <<< [apiv2][status] GET https://cloudresourcemanager.googleapis.com/v1/projects/adfriend-46d46 200
[debug] [2025-02-08T10:21:23.449Z] <<< [apiv2][body] GET https://cloudresourcemanager.googleapis.com/v1/projects/adfriend-46d46 {"projectNumber":"1028972097489","projectId":"adfriend-46d46","lifecycleState":"ACTIVE","name":"AdFriend","labels":{"firebase":"enabled","firebase-core":"disabled"},"createTime":"2025-02-08T09:44:42.571400Z"}
[info] 
[info] === Serving from '/home/eddyweru/AdFriend'...
[info] 
[debug] [2025-02-08T10:21:23.469Z] Checked if tokens are valid: true, expires at: 1739012544384
[debug] [2025-02-08T10:21:23.469Z] Checked if tokens are valid: true, expires at: 1739012544384
[debug] [2025-02-08T10:21:23.470Z] >>> [apiv2][query] GET https://firebasehosting.googleapis.com/v1beta1/projects/adfriend-46d46/sites 
[debug] [2025-02-08T10:21:25.916Z] <<< [apiv2][status] GET https://firebasehosting.googleapis.com/v1beta1/projects/adfriend-46d46/sites 200
[debug] [2025-02-08T10:21:25.917Z] <<< [apiv2][body] GET https://firebasehosting.googleapis.com/v1beta1/projects/adfriend-46d46/sites {"sites":[{"name":"projects/adfriend-46d46/sites/adfriend-46d46","defaultUrl":"https://adfriend-46d46.web.app","type":"DEFAULT_SITE"}]}
[debug] [2025-02-08T10:21:25.918Z] Checked if tokens are valid: true, expires at: 1739012544384
[debug] [2025-02-08T10:21:25.918Z] Checked if tokens are valid: true, expires at: 1739012544384
[debug] [2025-02-08T10:21:25.919Z] >>> [apiv2][query] GET https://firebase.googleapis.com/v1beta1/projects/adfriend-46d46/webApps/-/config [none]
[debug] [2025-02-08T10:21:27.755Z] <<< [apiv2][status] GET https://firebase.googleapis.com/v1beta1/projects/adfriend-46d46/webApps/-/config 200
[debug] [2025-02-08T10:21:27.756Z] <<< [apiv2][body] GET https://firebase.googleapis.com/v1beta1/projects/adfriend-46d46/webApps/-/config {"projectId":"adfriend-46d46","storageBucket":"adfriend-46d46.firebasestorage.app","apiKey":"AIzaSyCnaME6d0vdDyLwMCevNNMPS50M3CXWMyE","authDomain":"adfriend-46d46.firebaseapp.com","messagingSenderId":"1028972097489"}
[debug] [2025-02-08T10:21:27.767Z] Checked if tokens are valid: true, expires at: 1739012544384
[debug] [2025-02-08T10:21:27.768Z] Checked if tokens are valid: true, expires at: 1739012544384
[debug] [2025-02-08T10:21:27.772Z] >>> [apiv2][query] GET https://firebase.googleapis.com/v1beta1/projects/adfriend-46d46 [none]
[debug] [2025-02-08T10:21:29.698Z] <<< [apiv2][status] GET https://firebase.googleapis.com/v1beta1/projects/adfriend-46d46 200
[debug] [2025-02-08T10:21:29.699Z] <<< [apiv2][body] GET https://firebase.googleapis.com/v1beta1/projects/adfriend-46d46 {"projectId":"adfriend-46d46","projectNumber":"1028972097489","displayName":"AdFriend","name":"projects/adfriend-46d46","resources":{"hostingSite":"adfriend-46d46"},"state":"ACTIVE","etag":"1_ba47b797-9c94-4be0-87a6-c2344082474c"}
[info] i  hosting[adfriend-46d46]: Serving hosting files from: public {"metadata":{"emulator":{"name":"hosting"},"message":"Serving hosting files from: \u001b[1mpublic\u001b[22m"}}
[info] ✔  hosting[adfriend-46d46]: Local server: http://localhost:5000 {"metadata":{"emulator":{"name":"hosting"},"message":"Local server: \u001b[4m\u001b[1mhttp://localhost:5000\u001b[22m\u001b[24m"}}
[info] i  hosting: ::1 - - [08/Feb/2025:10:21:38 +0000] "GET / HTTP/1.1" 200 - "-" "Mozilla/5.0 (X11; Linux x86_64; rv:134.0) Gecko/20100101 Firefox/134.0" {"metadata":{"emulator":{"name":"hosting"},"message":"::1 - - [08/Feb/2025:10:21:38 +0000] \"GET / HTTP/1.1\" 200 - \"-\" \"Mozilla/5.0 (X11; Linux x86_64; rv:134.0) Gecko/20100101 Firefox/134.0\""}}
[debug] [2025-02-08T10:21:38.675Z] >>> [apiv2][query] GET https://www.gstatic.com/firebasejs/11.3.0/firebase-app-compat.js [none]
[debug] [2025-02-08T10:21:38.685Z] >>> [apiv2][query] GET https://www.gstatic.com/firebasejs/11.3.0/firebase-auth-compat.js [none]
[debug] [2025-02-08T10:21:38.690Z] >>> [apiv2][query] GET https://www.gstatic.com/firebasejs/11.3.0/firebase-database-compat.js [none]
[debug] [2025-02-08T10:21:38.693Z] >>> [apiv2][query] GET https://www.gstatic.com/firebasejs/11.3.0/firebase-firestore-compat.js [none]
[debug] [2025-02-08T10:21:38.695Z] >>> [apiv2][query] GET https://www.gstatic.com/firebasejs/11.3.0/firebase-functions-compat.js [none]
[debug] [2025-02-08T10:21:38.699Z] >>> [apiv2][query] GET https://www.gstatic.com/firebasejs/11.3.0/firebase-messaging-compat.js [none]
[debug] [2025-02-08T10:21:39.843Z] <<< [apiv2][status] GET https://www.gstatic.com/firebasejs/11.3.0/firebase-database-compat.js 200
[debug] [2025-02-08T10:21:39.843Z] <<< [apiv2][body] GET https://www.gstatic.com/firebasejs/11.3.0/firebase-database-compat.js [stream]
[debug] [2025-02-08T10:21:39.868Z] <<< [apiv2][status] GET https://www.gstatic.com/firebasejs/11.3.0/firebase-app-compat.js 200
[debug] [2025-02-08T10:21:39.869Z] <<< [apiv2][body] GET https://www.gstatic.com/firebasejs/11.3.0/firebase-app-compat.js [stream]
[debug] [2025-02-08T10:21:39.885Z] <<< [apiv2][status] GET https://www.gstatic.com/firebasejs/11.3.0/firebase-auth-compat.js 200
[debug] [2025-02-08T10:21:39.885Z] <<< [apiv2][body] GET https://www.gstatic.com/firebasejs/11.3.0/firebase-auth-compat.js [stream]
[debug] [2025-02-08T10:21:39.897Z] <<< [apiv2][status] GET https://www.gstatic.com/firebasejs/11.3.0/firebase-firestore-compat.js 200
[debug] [2025-02-08T10:21:39.898Z] <<< [apiv2][body] GET https://www.gstatic.com/firebasejs/11.3.0/firebase-firestore-compat.js [stream]
[info] i  hosting: ::1 - - [08/Feb/2025:10:21:40 +0000] "GET /__/firebase/11.3.0/firebase-app-compat.js HTTP/1.1" 200 10170 "http://localhost:5000/" "Mozilla/5.0 (X11; Linux x86_64; rv:134.0) Gecko/20100101 Firefox/134.0" {"metadata":{"emulator":{"name":"hosting"},"message":"::1 - - [08/Feb/2025:10:21:40 +0000] \"GET /__/firebase/11.3.0/firebase-app-compat.js HTTP/1.1\" 200 10170 \"http://localhost:5000/\" \"Mozilla/5.0 (X11; Linux x86_64; rv:134.0) Gecko/20100101 Firefox/134.0\""}}
[debug] [2025-02-08T10:21:40.079Z] >>> [apiv2][query] GET https://www.gstatic.com/firebasejs/11.3.0/firebase-storage-compat.js [none]
[debug] [2025-02-08T10:21:40.284Z] <<< [apiv2][status] GET https://www.gstatic.com/firebasejs/11.3.0/firebase-functions-compat.js 200
[debug] [2025-02-08T10:21:40.284Z] <<< [apiv2][body] GET https://www.gstatic.com/firebasejs/11.3.0/firebase-functions-compat.js [stream]
[debug] [2025-02-08T10:21:40.366Z] <<< [apiv2][status] GET https://www.gstatic.com/firebasejs/11.3.0/firebase-messaging-compat.js 200
[debug] [2025-02-08T10:21:40.367Z] <<< [apiv2][body] GET https://www.gstatic.com/firebasejs/11.3.0/firebase-messaging-compat.js [stream]
[info] i  hosting: ::1 - - [08/Feb/2025:10:21:40 +0000] "GET /__/firebase/11.3.0/firebase-auth-compat.js HTTP/1.1" 200 40111 "http://localhost:5000/" "Mozilla/5.0 (X11; Linux x86_64; rv:134.0) Gecko/20100101 Firefox/134.0" {"metadata":{"emulator":{"name":"hosting"},"message":"::1 - - [08/Feb/2025:10:21:40 +0000] \"GET /__/firebase/11.3.0/firebase-auth-compat.js HTTP/1.1\" 200 40111 \"http://localhost:5000/\" \"Mozilla/5.0 (X11; Linux x86_64; rv:134.0) Gecko/20100101 Firefox/134.0\""}}
[debug] [2025-02-08T10:21:40.410Z] >>> [apiv2][query] GET https://www.gstatic.com/firebasejs/11.3.0/firebase-analytics-compat.js [none]
[info] i  hosting: ::1 - - [08/Feb/2025:10:21:40 +0000] "GET /__/firebase/11.3.0/firebase-database-compat.js HTTP/1.1" 200 47957 "http://localhost:5000/" "Mozilla/5.0 (X11; Linux x86_64; rv:134.0) Gecko/20100101 Firefox/134.0" {"metadata":{"emulator":{"name":"hosting"},"message":"::1 - - [08/Feb/2025:10:21:40 +0000] \"GET /__/firebase/11.3.0/firebase-database-compat.js HTTP/1.1\" 200 47957 \"http://localhost:5000/\" \"Mozilla/5.0 (X11; Linux x86_64; rv:134.0) Gecko/20100101 Firefox/134.0\""}}
[debug] [2025-02-08T10:21:40.459Z] >>> [apiv2][query] GET https://www.gstatic.com/firebasejs/11.3.0/firebase-remote-config-compat.js [none]
[info] i  hosting: ::1 - - [08/Feb/2025:10:21:40 +0000] "GET /__/firebase/11.3.0/firebase-functions-compat.js HTTP/1.1" 200 3974 "http://localhost:5000/" "Mozilla/5.0 (X11; Linux x86_64; rv:134.0) Gecko/20100101 Firefox/134.0" {"metadata":{"emulator":{"name":"hosting"},"message":"::1 - - [08/Feb/2025:10:21:40 +0000] \"GET /__/firebase/11.3.0/firebase-functions-compat.js HTTP/1.1\" 200 3974 \"http://localhost:5000/\" \"Mozilla/5.0 (X11; Linux x86_64; rv:134.0) Gecko/20100101 Firefox/134.0\""}}
[info] i  hosting: ::1 - - [08/Feb/2025:10:21:40 +0000] "GET /__/firebase/init.js?useEmulator=true HTTP/1.1" 200 - "http://localhost:5000/" "Mozilla/5.0 (X11; Linux x86_64; rv:134.0) Gecko/20100101 Firefox/134.0" {"metadata":{"emulator":{"name":"hosting"},"message":"::1 - - [08/Feb/2025:10:21:40 +0000] \"GET /__/firebase/init.js?useEmulator=true HTTP/1.1\" 200 - \"http://localhost:5000/\" \"Mozilla/5.0 (X11; Linux x86_64; rv:134.0) Gecko/20100101 Firefox/134.0\""}}
[info] i  hosting: ::1 - - [08/Feb/2025:10:21:40 +0000] "GET /__/firebase/11.3.0/firebase-messaging-compat.js HTTP/1.1" 200 9969 "http://localhost:5000/" "Mozilla/5.0 (X11; Linux x86_64; rv:134.0) Gecko/20100101 Firefox/134.0" {"metadata":{"emulator":{"name":"hosting"},"message":"::1 - - [08/Feb/2025:10:21:40 +0000] \"GET /__/firebase/11.3.0/firebase-messaging-compat.js HTTP/1.1\" 200 9969 \"http://localhost:5000/\" \"Mozilla/5.0 (X11; Linux x86_64; rv:134.0) Gecko/20100101 Firefox/134.0\""}}
[info] i  hosting: ::1 - - [08/Feb/2025:10:21:40 +0000] "GET /__/firebase/11.3.0/firebase-firestore-compat.js HTTP/1.1" 200 102637 "http://localhost:5000/" "Mozilla/5.0 (X11; Linux x86_64; rv:134.0) Gecko/20100101 Firefox/134.0" {"metadata":{"emulator":{"name":"hosting"},"message":"::1 - - [08/Feb/2025:10:21:40 +0000] \"GET /__/firebase/11.3.0/firebase-firestore-compat.js HTTP/1.1\" 200 102637 \"http://localhost:5000/\" \"Mozilla/5.0 (X11; Linux x86_64; rv:134.0) Gecko/20100101 Firefox/134.0\""}}
[debug] [2025-02-08T10:21:40.957Z] <<< [apiv2][status] GET https://www.gstatic.com/firebasejs/11.3.0/firebase-storage-compat.js 200
[debug] [2025-02-08T10:21:40.958Z] <<< [apiv2][body] GET https://www.gstatic.com/firebasejs/11.3.0/firebase-storage-compat.js [stream]
[info] i  hosting: ::1 - - [08/Feb/2025:10:21:41 +0000] "GET /__/firebase/11.3.0/firebase-storage-compat.js HTTP/1.1" 200 13023 "http://localhost:5000/" "Mozilla/5.0 (X11; Linux x86_64; rv:134.0) Gecko/20100101 Firefox/134.0" {"metadata":{"emulator":{"name":"hosting"},"message":"::1 - - [08/Feb/2025:10:21:41 +0000] \"GET /__/firebase/11.3.0/firebase-storage-compat.js HTTP/1.1\" 200 13023 \"http://localhost:5000/\" \"Mozilla/5.0 (X11; Linux x86_64; rv:134.0) Gecko/20100101 Firefox/134.0\""}}
[debug] [2025-02-08T10:21:41.244Z] <<< [apiv2][status] GET https://www.gstatic.com/firebasejs/11.3.0/firebase-analytics-compat.js 200
[debug] [2025-02-08T10:21:41.244Z] <<< [apiv2][body] GET https://www.gstatic.com/firebasejs/11.3.0/firebase-analytics-compat.js [stream]
[debug] [2025-02-08T10:21:41.284Z] <<< [apiv2][status] GET https://www.gstatic.com/firebasejs/11.3.0/firebase-remote-config-compat.js 200
[debug] [2025-02-08T10:21:41.285Z] <<< [apiv2][body] GET https://www.gstatic.com/firebasejs/11.3.0/firebase-remote-config-compat.js [stream]
[info] i  hosting: ::1 - - [08/Feb/2025:10:21:41 +0000] "GET /__/firebase/11.3.0/firebase-analytics-compat.js HTTP/1.1" 200 9131 "http://localhost:5000/" "Mozilla/5.0 (X11; Linux x86_64; rv:134.0) Gecko/20100101 Firefox/134.0" {"metadata":{"emulator":{"name":"hosting"},"message":"::1 - - [08/Feb/2025:10:21:41 +0000] \"GET /__/firebase/11.3.0/firebase-analytics-compat.js HTTP/1.1\" 200 9131 \"http://localhost:5000/\" \"Mozilla/5.0 (X11; Linux x86_64; rv:134.0) Gecko/20100101 Firefox/134.0\""}}
[info] i  hosting: ::1 - - [08/Feb/2025:10:21:41 +0000] "GET /__/firebase/11.3.0/firebase-remote-config-compat.js HTTP/1.1" 200 9050 "http://localhost:5000/" "Mozilla/5.0 (X11; Linux x86_64; rv:134.0) Gecko/20100101 Firefox/134.0" {"metadata":{"emulator":{"name":"hosting"},"message":"::1 - - [08/Feb/2025:10:21:41 +0000] \"GET /__/firebase/11.3.0/firebase-remote-config-compat.js HTTP/1.1\" 200 9050 \"http://localhost:5000/\" \"Mozilla/5.0 (X11; Linux x86_64; rv:134.0) Gecko/20100101 Firefox/134.0\""}}
[info] i  hosting: ::1 - - [08/Feb/2025:10:21:41 +0000] "GET /favicon.ico HTTP/1.1" 404 - "http://localhost:5000/" "Mozilla/5.0 (X11; Linux x86_64; rv:134.0) Gecko/20100101 Firefox/134.0" {"metadata":{"emulator":{"name":"hosting"},"message":"::1 - - [08/Feb/2025:10:21:41 +0000] \"GET /favicon.ico HTTP/1.1\" 404 - \"http://localhost:5000/\" \"Mozilla/5.0 (X11; Linux x86_64; rv:134.0) Gecko/20100101 Firefox/134.0\""}}
